
> @getpaseo/app@0.7.2 test:e2e
> playwright test --project=browser --config ../../.dev/banked-playwright.config.ts e2e/browser/provider-usage-settings.spec.ts --grep banked reset management --max-failures=1

[metro] Starting project at /home/imalison/Projects/paseo-assembly/.worktrees/build/packages/app
[metro] Using src/app as the root directory for Expo Router.
[metro] Experimental Expo Autolinking module resolver is enabled.
[metro] React Compiler enabled
[metro] Starting Metro Bundler
[metro] Waiting on http://localhost:41881
[metro] Logs for your project will appear below.
[metro] Web packages/app/index.ts ░░░░░░░░░░░░░░░░  0.0% (0/1)
[metro] Web Bundled 3056ms packages/app/index.ts (5248 modules)
[e2e] Metro warmed on port 41881

Running 6 tests using 1 worker

(node:3012328) Warning: The 'NO_COLOR' env is ignored due to the 'FORCE_COLOR' env being set.
(Use `node --trace-warnings ...` to show where the warning was created)
(node:3012328) Warning: The 'NO_COLOR' env is ignored due to the 'FORCE_COLOR' env being set.
(Use `node --trace-warnings ...` to show where the warning was created)
[e2e] Worker 0 daemon started on port 44437, home: /tmp/paseo-e2e-worker-0-y67KDa
[metro] Web packages/app/index.ts ░░░░░░░░░░░░░░░░  0.0% (0/1)
[metro] Web Bundled 275ms packages/app/index.ts (1 module)
[metro] Web packages/app/src/attachments/web/indexeddb-attachment-store.ts ░░░░░░░░░░░░░░░░  0.0% (0/1)
[metro] Web Bundled 56ms packages/app/src/attachments/web/indexeddb-attachment-store.ts (1 module)
[metro]  LOG  [web] Logs will appear in the browser console
  ✓  1 [browser] › e2e/browser/provider-usage-settings.spec.ts:162:7 › banked reset management › confirms, prevents duplicate submissions, and refreshes usage (6.7s)
[metro] Web Bundled 215ms packages/app/index.ts (1 module)
[metro] Web packages/app/src/attachments/web/indexeddb-attachment-store.ts ░░░░░░░░░░░░░░░░  0.0% (0/1)
[metro] Web Bundled 13ms packages/app/src/attachments/web/indexeddb-attachment-store.ts (1 module)
[metro]  LOG  [web] Logs will appear in the browser console
  ✓  2 [browser] › e2e/browser/provider-usage-settings.spec.ts:176:7 › banked reset management › retries failed resets with the same idempotency key (6.6s)
[metro] Web Bundled 233ms packages/app/index.ts (1 module)
[metro] Web packages/app/src/attachments/web/indexeddb-attachment-store.ts ░░░░░░░░░░░░░░░░  0.0% (0/1)
[metro] Web Bundled 9ms packages/app/src/attachments/web/indexeddb-attachment-store.ts (1 module)
[metro]  LOG  [web] Logs will appear in the browser console
  ✓  3 [browser] › e2e/browser/provider-usage-settings.spec.ts:185:7 › banked reset management › expired and unsupported resets cannot be used (6.3s)
[metro] Web Bundled 234ms packages/app/index.ts (1 module)
[metro] Web packages/app/src/attachments/web/indexeddb-attachment-store.ts ░░░░░░░░░░░░░░░░  0.0% (0/1)
[metro] Web Bundled 11ms packages/app/src/attachments/web/indexeddb-attachment-store.ts (1 module)
[metro]  LOG  [web] Logs will appear in the browser console
  ✓  4 [browser] › e2e/browser/provider-usage-settings.spec.ts:190:7 › banked reset management › hosts without the capability never offer redemption (6.4s)
[metro] Web Bundled 232ms packages/app/index.ts (1 module)
[metro]  LOG  [web] Logs will appear in the browser console
[metro] Web Bundled 8ms packages/app/src/attachments/web/indexeddb-attachment-store.ts (1 module)
  ✓  5 [browser] › e2e/browser/provider-usage-settings.spec.ts:195:7 › banked reset management › redemption errors stay actionable when refreshing usage also fails (6.9s)
[metro] Web Bundled 227ms packages/app/index.ts (1 module)
[metro] Web packages/app/src/attachments/web/indexeddb-attachment-store.ts ░░░░░░░░░░░░░░░░  0.0% (0/1)
[metro] Web Bundled 9ms packages/app/src/attachments/web/indexeddb-attachment-store.ts (1 module)
[metro]  LOG  [web] Logs will appear in the browser console
  ✓  6 [browser] › e2e/browser/provider-usage-settings.spec.ts:201:7 › banked reset management › reset details remain readable and redemption works on a narrow screen (7.0s)
[e2e] Worker 0 daemon stopped
[e2e] Metro stopped

  6 passed (1.1m)
