
> @getpaseo/app@0.7.2 test:e2e
> playwright test --project=browser --config ../../.dev/banked-playwright.config.ts e2e/browser/provider-usage-settings.spec.ts -g failed banked resets|narrow screen --max-failures=1

[metro] Starting project at /home/imalison/.paseo/worktrees/0yll5i1q/young-bird/packages/app
[metro] Using src/app as the root directory for Expo Router.
[metro] Experimental Expo Autolinking module resolver is enabled.
[metro] React Compiler enabled
[metro] Starting Metro Bundler
[metro] Waiting on http://localhost:33047
[metro] Logs for your project will appear below.
[metro] Web packages/app/index.ts ░░░░░░░░░░░░░░░░  0.0% (0/1)
[metro] | (node:1372467) Warning: The 'NO_COLOR' env is ignored due to the 'FORCE_COLOR' env being set.
[metro] | (Use `node --trace-warnings ...` to show where the warning was created)
[metro] Web Bundled 3433ms packages/app/index.ts (5084 modules)
[e2e] Metro warmed on port 33047

Running 2 tests using 1 worker

(node:1372778) Warning: The 'NO_COLOR' env is ignored due to the 'FORCE_COLOR' env being set.
(Use `node --trace-warnings ...` to show where the warning was created)
(node:1372778) Warning: The 'NO_COLOR' env is ignored due to the 'FORCE_COLOR' env being set.
(Use `node --trace-warnings ...` to show where the warning was created)
[e2e] Worker 0 daemon started on port 36579, home: /tmp/paseo-e2e-worker-0-AglPVD
[metro] Web packages/app/index.ts ░░░░░░░░░░░░░░░░  0.0% (0/1)
[metro] Web Bundled 727ms packages/app/index.ts (1 module)
[metro] Web packages/app/src/attachments/web/indexeddb-attachment-store.ts ░░░░░░░░░░░░░░░░  0.0% (0/1)
[metro] Web Bundled 160ms packages/app/src/attachments/web/indexeddb-attachment-store.ts (146 modules)
[metro]  LOG  [web] Logs will appear in the browser console
  ✓  1 [browser] › e2e/browser/provider-usage-settings.spec.ts:238:5 › failed banked resets show an error and retry with the same idempotency key (11.4s)
[metro] Web Bundled 402ms packages/app/index.ts (1 module)
[metro] Web packages/app/src/attachments/web/indexeddb-attachment-store.ts ░░░░░░░░░░░░░░░░  0.0% (0/1)
[metro] Web Bundled 13ms packages/app/src/attachments/web/indexeddb-attachment-store.ts (1 module)
[metro]  LOG  [web] Logs will appear in the browser console
  ✓  2 [browser] › e2e/browser/provider-usage-settings.spec.ts:339:5 › banked reset controls fit a narrow screen (8.4s)
[e2e] Worker 0 daemon stopped
[e2e] Metro stopped

  2 passed (42.0s)
