
> @getpaseo/app@0.7.2 test:e2e
> playwright test --project=browser --config ../../.dev/banked-playwright.config.ts e2e/browser/provider-usage-settings.spec.ts --max-failures=1

[metro] Starting project at /home/imalison/.paseo/worktrees/0yll5i1q/young-bird/packages/app
[metro] Using src/app as the root directory for Expo Router.
[metro] Experimental Expo Autolinking module resolver is enabled.
[metro] React Compiler enabled
[metro] Starting Metro Bundler
[metro] Waiting on http://localhost:42083
[metro] Logs for your project will appear below.
[metro] Web packages/app/index.ts ░░░░░░░░░░░░░░░░  0.0% (0/1)
[metro] | (node:2873783) Warning: The 'NO_COLOR' env is ignored due to the 'FORCE_COLOR' env being set.
[metro] | (Use `node --trace-warnings ...` to show where the warning was created)
[metro] | (node:2873790) Warning: The 'NO_COLOR' env is ignored due to the 'FORCE_COLOR' env being set.
[metro] | (Use `node --trace-warnings ...` to show where the warning was created)
[metro] | (node:2873810) Warning: The 'NO_COLOR' env is ignored due to the 'FORCE_COLOR' env being set.
[metro] | (Use `node --trace-warnings ...` to show where the warning was created)
[metro] | (node:2873831) Warning: The 'NO_COLOR' env is ignored due to the 'FORCE_COLOR' env being set.
[metro] | (Use `node --trace-warnings ...` to show where the warning was created)
[metro] | (node:2873839) Warning: The 'NO_COLOR' env is ignored due to the 'FORCE_COLOR' env being set.
[metro] | (Use `node --trace-warnings ...` to show where the warning was created)
[metro] | (node:2873817) Warning: The 'NO_COLOR' env is ignored due to the 'FORCE_COLOR' env being set.
[metro] | (Use `node --trace-warnings ...` to show where the warning was created)
[metro] | (node:2873824) Warning: The 'NO_COLOR' env is ignored due to the 'FORCE_COLOR' env being set.
[metro] | (Use `node --trace-warnings ...` to show where the warning was created)
[metro] | (node:2873803) Warning: The 'NO_COLOR' env is ignored due to the 'FORCE_COLOR' env being set.
[metro] | (Use `node --trace-warnings ...` to show where the warning was created)
[metro] | (node:2873784) Warning: The 'NO_COLOR' env is ignored due to the 'FORCE_COLOR' env being set.
[metro] | (Use `node --trace-warnings ...` to show where the warning was created)
[metro] | (node:2873797) Warning: The 'NO_COLOR' env is ignored due to the 'FORCE_COLOR' env being set.
[metro] | (Use `node --trace-warnings ...` to show where the warning was created)
[metro] Web Bundled 3215ms packages/app/index.ts (5089 modules)
[e2e] Metro warmed on port 42083

Running 9 tests using 1 worker

(node:2874012) Warning: The 'NO_COLOR' env is ignored due to the 'FORCE_COLOR' env being set.
(Use `node --trace-warnings ...` to show where the warning was created)
(node:2874012) Warning: The 'NO_COLOR' env is ignored due to the 'FORCE_COLOR' env being set.
(Use `node --trace-warnings ...` to show where the warning was created)
[e2e] Worker 0 daemon started on port 43173, home: /tmp/paseo-e2e-worker-0-R1CBsr
[metro] Web packages/app/index.ts ░░░░░░░░░░░░░░░░  0.0% (0/1)
[metro] Web Bundled 255ms packages/app/index.ts (1 module)
[metro]  LOG  [web] Logs will appear in the browser console
[metro] Web Bundled 80ms packages/app/src/attachments/web/indexeddb-attachment-store.ts (1 module)
  ✓  1 [browser] › e2e/browser/provider-usage-settings.spec.ts:9:7 › provider usage settings › renders every provider returned by the daemon usage RPC (6.1s)
[metro] Web Bundled 200ms packages/app/index.ts (1 module)
[metro] Web packages/app/src/attachments/web/indexeddb-attachment-store.ts ░░░░░░░░░░░░░░░░  0.0% (0/1)
[metro] Web Bundled 12ms packages/app/src/attachments/web/indexeddb-attachment-store.ts (1 module)
[metro]  LOG  [web] Logs will appear in the browser console
  ✓  2 [browser] › e2e/browser/provider-usage-settings.spec.ts:73:7 › provider usage settings › refresh invalidates and refetches usage (6.4s)
[metro] Web Bundled 213ms packages/app/index.ts (1 module)
[metro] Web packages/app/src/attachments/web/indexeddb-attachment-store.ts ░░░░░░░░░░░░░░░░  0.0% (0/1)
[metro] Web Bundled 10ms packages/app/src/attachments/web/indexeddb-attachment-store.ts (1 module)
[metro]  LOG  [web] Logs will appear in the browser console
  ✓  3 [browser] › e2e/browser/provider-usage-settings.spec.ts:116:7 › provider usage settings › one provider error does not collapse the usage list (6.3s)
[metro] Web Bundled 202ms packages/app/index.ts (1 module)
[metro] Web packages/app/src/attachments/web/indexeddb-attachment-store.ts ░░░░░░░░░░░░░░░░  0.0% (0/1)
[metro] Web Bundled 9ms packages/app/src/attachments/web/indexeddb-attachment-store.ts (1 module)
[metro]  LOG  [web] Logs will appear in the browser console
  ✓  4 [browser] › e2e/browser/provider-usage-settings.spec.ts:158:7 › banked reset management › confirms, prevents duplicate submissions, and refreshes usage (6.2s)
[metro] Web Bundled 191ms packages/app/index.ts (1 module)
[metro]  LOG  [web] Logs will appear in the browser console
[metro] Web Bundled 9ms packages/app/src/attachments/web/indexeddb-attachment-store.ts (1 module)
  ✓  5 [browser] › e2e/browser/provider-usage-settings.spec.ts:172:7 › banked reset management › retries failed resets with the same idempotency key (6.3s)
[metro] Web Bundled 228ms packages/app/index.ts (1 module)
[metro] Web packages/app/src/attachments/web/indexeddb-attachment-store.ts ░░░░░░░░░░░░░░░░  0.0% (0/1)
[metro] Web Bundled 12ms packages/app/src/attachments/web/indexeddb-attachment-store.ts (1 module)
[metro]  LOG  [web] Logs will appear in the browser console
  ✓  6 [browser] › e2e/browser/provider-usage-settings.spec.ts:181:7 › banked reset management › expired and unsupported resets cannot be used (6.4s)
[metro] Web Bundled 233ms packages/app/index.ts (1 module)
[metro] Web packages/app/src/attachments/web/indexeddb-attachment-store.ts ░░░░░░░░░░░░░░░░  0.0% (0/1)
[metro] Web Bundled 8ms packages/app/src/attachments/web/indexeddb-attachment-store.ts (1 module)
[metro]  LOG  [web] Logs will appear in the browser console
  ✓  7 [browser] › e2e/browser/provider-usage-settings.spec.ts:186:7 › banked reset management › hosts without the capability never offer redemption (6.3s)
[metro] Web Bundled 261ms packages/app/index.ts (1 module)
[metro] Web packages/app/src/attachments/web/indexeddb-attachment-store.ts ░░░░░░░░░░░░░░░░  0.0% (0/1)
[metro] Web Bundled 9ms packages/app/src/attachments/web/indexeddb-attachment-store.ts (1 module)
[metro]  LOG  [web] Logs will appear in the browser console
  ✓  8 [browser] › e2e/browser/provider-usage-settings.spec.ts:191:7 › banked reset management › redemption errors stay actionable when refreshing usage also fails (6.2s)
[metro] Web Bundled 199ms packages/app/index.ts (1 module)
[metro] Web packages/app/src/attachments/web/indexeddb-attachment-store.ts ░░░░░░░░░░░░░░░░  0.0% (0/1)
[metro] Web Bundled 12ms packages/app/src/attachments/web/indexeddb-attachment-store.ts (1 module)
[metro]  LOG  [web] Logs will appear in the browser console
  ✓  9 [browser] › e2e/browser/provider-usage-settings.spec.ts:197:7 › banked reset management › reset details remain readable and redemption works on a narrow screen (6.6s)
[e2e] Worker 0 daemon stopped
[e2e] Metro stopped

  9 passed (1.3m)
