
> paseo@0.7.2 typecheck
> npm run typecheck --workspaces --if-present


> @getpaseo/expo-two-way-audio@0.7.2 typecheck
> tsgo --noEmit


> @getpaseo/highlight@0.7.2 typecheck
> tsgo --noEmit


> @getpaseo/plugin@0.7.2 typecheck
> tsgo --noEmit && tsgo -p tsconfig.examples.json --noEmit


> @getpaseo/protocol@0.7.2 pretypecheck
> npm run generate:validators


> @getpaseo/protocol@0.7.2 generate:validators
> node scripts/generate-validation-aot.mjs

generated src/generated/validation/ws-outbound.aot.ts from codegen/ws-outbound.compile.ts (WSOutboundMessageSchema)

> @getpaseo/protocol@0.7.2 typecheck
> tsgo --noEmit


> @getpaseo/client@0.7.2 typecheck
> tsgo --noEmit


> @getpaseo/server@0.7.2 typecheck
> tsgo -p tsconfig.server.typecheck.json --noEmit


> @getpaseo/app@0.7.2 typecheck
> tsgo --noEmit


> @getpaseo/relay@0.7.2 typecheck
> tsgo --noEmit


> @getpaseo/website@0.7.2 typecheck
> tsgo --noEmit


> @getpaseo/desktop@0.7.2 typecheck
> tsgo --noEmit -p tsconfig.json


> @getpaseo/cli@0.7.2 typecheck
> tsgo --noEmit

